// Jest Snapshot v1, https://goo.gl/fbAQLP

exports[`Day component shows the day of date when valid 1`] = `"2019-09-12"`;
